// Jest Snapshot v1, https://goo.gl/fbAQLP

exports[`/products/related GET When asked for an existing product 
	 Then should be able to retrieve and parse a list of related products 1`] = `
Array [
  Object {
    "brand": Object {
      "id": 121957,
      "logo": null,
      "name": "vittel",
      "title": "Vittel",
    },
    "category": Object {
      "href": "https://rozetka.com.ua/voda/c4639872/",
      "id": 4639872,
      "root_id": 4624997,
      "title": "Вода",
      "use_group_links": false,
    },
    "comments": Object {
      "amount": 0,
      "mark": 0,
    },
    "docket": "",
    "group": Object {
      "href": null,
      "id": 0,
      "is_group_primary": 0,
    },
    "href": "https://rozetka.com.ua/vittel_3309/p8042149/",
    "id": 8042149,
    "images": Array [
      Object {
        "big_tile": "https://content.rozetka.com.ua/goods/images/big_tile/225203498.jpg",
        "original": "https://content.rozetka.com.ua/goods/images/original/225203498.jpg",
        "preview": "https://content.rozetka.com.ua/goods/images/preview/225203498.jpg",
      },
      Object {
        "big_tile": "https://content.rozetka.com.ua/goods/images/big_tile/225203500.jpg",
        "original": "https://content.rozetka.com.ua/goods/images/original/225203500.jpg",
        "preview": "https://content.rozetka.com.ua/goods/images/preview/225203500.jpg",
      },
    ],
    "loyalty": Object {
      "pl_bonus_charge_pcs": 0,
      "pl_use_instant_bonus": 0,
    },
    "merchant_id": 1,
    "mpath": ".4626923.4624997.4633001.4625018.4639872.",
    "premium_program": false,
    "price": Object {
      "current": 459,
      "old": 657,
      "pcs": "15.99",
    },
    "sell_status": "limited",
    "seller_id": 5,
    "sla_id": 8124,
    "state": "new",
    "status": "active",
    "status_inherited": "active",
    "tag": null,
    "title": "Упаковка минеральной негазированной воды Vittel 0.33 л х 24 бутылок (7613033645655_3179732340184)",
  },
  Object {
    "brand": Object {
      "id": 121957,
      "logo": null,
      "name": "vittel",
      "title": "Vittel",
    },
    "category": Object {
      "href": "https://rozetka.com.ua/voda/c4639872/",
      "id": 4639872,
      "root_id": 4624997,
      "title": "Вода",
      "use_group_links": false,
    },
    "comments": Object {
      "amount": 0,
      "mark": 0,
    },
    "docket": "",
    "group": Object {
      "href": null,
      "id": 0,
      "is_group_primary": 0,
    },
    "href": "https://rozetka.com.ua/vittel_3314/p8042191/",
    "id": 8042191,
    "images": Array [
      Object {
        "big_tile": "https://content2.rozetka.com.ua/goods/images/big_tile/225205126.jpg",
        "original": "https://content2.rozetka.com.ua/goods/images/original/225205126.jpg",
        "preview": "https://content2.rozetka.com.ua/goods/images/preview/225205126.jpg",
      },
      Object {
        "big_tile": "https://content1.rozetka.com.ua/goods/images/big_tile/225205136.jpg",
        "original": "https://content1.rozetka.com.ua/goods/images/original/225205136.jpg",
        "preview": "https://content1.rozetka.com.ua/goods/images/preview/225205136.jpg",
      },
    ],
    "loyalty": Object {
      "pl_bonus_charge_pcs": 0,
      "pl_use_instant_bonus": 0,
    },
    "merchant_id": 1,
    "mpath": ".4626923.4624997.4633001.4625018.4639872.",
    "premium_program": false,
    "price": Object {
      "current": 273,
      "old": 347,
      "pcs": "9.51",
    },
    "sell_status": "available",
    "seller_id": 5,
    "sla_id": 8124,
    "state": "new",
    "status": "active",
    "status_inherited": "active",
    "tag": null,
    "title": "Упаковка минеральной негазированной воды Vittel 1.5 л х 6 бутылок (3048430229520 )",
  },
  Object {
    "brand": Object {
      "id": 197007,
      "logo": null,
      "name": "sirab",
      "title": "Сираб",
    },
    "category": Object {
      "href": "https://rozetka.com.ua/voda/c4639872/",
      "id": 4639872,
      "root_id": 4624997,
      "title": "Вода",
      "use_group_links": false,
    },
    "comments": Object {
      "amount": 0,
      "mark": 0,
    },
    "docket": "",
    "group": Object {
      "href": null,
      "id": 0,
      "is_group_primary": 0,
    },
    "href": "https://rozetka.com.ua/sirab_4760023500159/p33331063/",
    "id": 33331063,
    "images": Array [
      Object {
        "big_tile": "https://content1.rozetka.com.ua/goods/images/big_tile/11644554.jpg",
        "original": "https://content1.rozetka.com.ua/goods/images/original/11644554.jpg",
        "preview": "https://content1.rozetka.com.ua/goods/images/preview/11644554.jpg",
      },
      Object {
        "big_tile": "https://content1.rozetka.com.ua/goods/images/big_tile/11644157.jpg",
        "original": "https://content1.rozetka.com.ua/goods/images/original/11644157.jpg",
        "preview": "https://content1.rozetka.com.ua/goods/images/preview/11644157.jpg",
      },
      Object {
        "big_tile": "https://content.rozetka.com.ua/goods/images/big_tile/11644553.jpg",
        "original": "https://content.rozetka.com.ua/goods/images/original/11644553.jpg",
        "preview": "https://content.rozetka.com.ua/goods/images/preview/11644553.jpg",
      },
    ],
    "loyalty": Object {
      "pl_bonus_charge_pcs": 0,
      "pl_use_instant_bonus": 0,
    },
    "merchant_id": 1,
    "mpath": ".4626923.4624997.4633001.4625018.4639872.",
    "premium_program": false,
    "price": Object {
      "current": 435,
      "old": 435,
      "pcs": "15.16",
    },
    "sell_status": "available",
    "seller_id": 5,
    "sla_id": 8124,
    "state": "new",
    "status": "active",
    "status_inherited": "active",
    "tag": Object {
      "name": "popularity",
      "priority": 7,
      "title": "Топ продаж",
    },
    "title": "Упаковка минеральной природной столовой негазированная воды Сираб 0.5 л х 24 бутылок (4760023500159)",
  },
  Object {
    "brand": Object {
      "id": 121950,
      "logo": null,
      "name": "perrier",
      "title": "Perrier",
    },
    "category": Object {
      "href": "https://rozetka.com.ua/voda/c4639872/",
      "id": 4639872,
      "root_id": 4624997,
      "title": "Вода",
      "use_group_links": false,
    },
    "comments": Object {
      "amount": 0,
      "mark": 0,
    },
    "docket": "",
    "group": Object {
      "href": null,
      "id": 0,
      "is_group_primary": 0,
    },
    "href": "https://rozetka.com.ua/perrier-7613036669412/p313072198/",
    "id": 313072198,
    "images": Array [
      Object {
        "big_tile": "https://content1.rozetka.com.ua/goods/images/big_tile/199362803.jpg",
        "original": "https://content1.rozetka.com.ua/goods/images/original/199362803.jpg",
        "preview": "https://content1.rozetka.com.ua/goods/images/preview/199362803.jpg",
      },
      Object {
        "big_tile": "https://content.rozetka.com.ua/goods/images/big_tile/199362838.jpg",
        "original": "https://content.rozetka.com.ua/goods/images/original/199362838.jpg",
        "preview": "https://content.rozetka.com.ua/goods/images/preview/199362838.jpg",
      },
    ],
    "loyalty": Object {
      "pl_bonus_charge_pcs": 0,
      "pl_use_instant_bonus": 0,
    },
    "merchant_id": 1,
    "mpath": ".4626923.4624997.4633001.4625018.4639872.",
    "premium_program": false,
    "price": Object {
      "current": 199,
      "old": 333,
      "pcs": "6.93",
    },
    "sell_status": "available",
    "seller_id": 5,
    "sla_id": 8124,
    "state": "new",
    "status": "active",
    "status_inherited": "active",
    "tag": null,
    "title": "Упаковка минеральной воды Perrier Lime 0.25 л х 10 шт (7613036669412)",
  },
  Object {
    "brand": Object {
      "id": 125108,
      "logo": null,
      "name": "morshinska",
      "title": "Моршинська",
    },
    "category": Object {
      "href": "https://rozetka.com.ua/voda/c4639872/",
      "id": 4639872,
      "root_id": 4624997,
      "title": "Вода",
      "use_group_links": false,
    },
    "comments": Object {
      "amount": 0,
      "mark": 0,
    },
    "docket": "",
    "group": Object {
      "href": null,
      "id": 0,
      "is_group_primary": 0,
    },
    "href": "https://rozetka.com.ua/morshinska_4820017000581/p9145245/",
    "id": 9145245,
    "images": Array [
      Object {
        "big_tile": "https://content.rozetka.com.ua/goods/images/big_tile/66079527.jpg",
        "original": "https://content.rozetka.com.ua/goods/images/original/66079527.jpg",
        "preview": "https://content.rozetka.com.ua/goods/images/preview/66079527.jpg",
      },
      Object {
        "big_tile": "https://content2.rozetka.com.ua/goods/images/big_tile/66079554.jpg",
        "original": "https://content2.rozetka.com.ua/goods/images/original/66079554.jpg",
        "preview": "https://content2.rozetka.com.ua/goods/images/preview/66079554.jpg",
      },
      Object {
        "big_tile": "https://content2.rozetka.com.ua/goods/images/big_tile/66079557.jpg",
        "original": "https://content2.rozetka.com.ua/goods/images/original/66079557.jpg",
        "preview": "https://content2.rozetka.com.ua/goods/images/preview/66079557.jpg",
      },
      Object {
        "big_tile": "https://content.rozetka.com.ua/goods/images/big_tile/66079562.jpg",
        "original": "https://content.rozetka.com.ua/goods/images/original/66079562.jpg",
        "preview": "https://content.rozetka.com.ua/goods/images/preview/66079562.jpg",
      },
      Object {
        "big_tile": "https://content.rozetka.com.ua/goods/images/big_tile/66079565.jpg",
        "original": "https://content.rozetka.com.ua/goods/images/original/66079565.jpg",
        "preview": "https://content.rozetka.com.ua/goods/images/preview/66079565.jpg",
      },
    ],
    "loyalty": Object {
      "pl_bonus_charge_pcs": 0,
      "pl_use_instant_bonus": 0,
    },
    "merchant_id": 1,
    "mpath": ".4626923.4624997.4633001.4625018.4639872.",
    "premium_program": false,
    "price": Object {
      "current": 240,
      "old": 240,
      "pcs": "8.36",
    },
    "sell_status": "available",
    "seller_id": 5,
    "sla_id": 8124,
    "state": "new",
    "status": "active",
    "status_inherited": "active",
    "tag": Object {
      "name": "made_in_ukraine",
      "priority": 14,
      "title": "Сделано в Украине",
    },
    "title": "Упаковка минеральной природной столовой негазированной воды Моршинська Premium 0.33 л х 12 бутылок (4820017000581_234929)",
  },
  Object {
    "brand": Object {
      "id": 18534,
      "logo": null,
      "name": "evian",
      "title": "Evian",
    },
    "category": Object {
      "href": "https://rozetka.com.ua/voda/c4639872/",
      "id": 4639872,
      "root_id": 4624997,
      "title": "Вода",
      "use_group_links": false,
    },
    "comments": Object {
      "amount": 0,
      "mark": 0,
    },
    "docket": "",
    "group": Object {
      "href": null,
      "id": 0,
      "is_group_primary": 0,
    },
    "href": "https://rozetka.com.ua/evian_3068320014067/p6805929/",
    "id": 6805929,
    "images": Array [
      Object {
        "big_tile": "https://content.rozetka.com.ua/goods/images/big_tile/10709100.jpg",
        "original": "https://content.rozetka.com.ua/goods/images/original/10709100.jpg",
        "preview": "https://content.rozetka.com.ua/goods/images/preview/10709100.jpg",
      },
      Object {
        "big_tile": "https://content2.rozetka.com.ua/goods/images/big_tile/10709095.jpg",
        "original": "https://content2.rozetka.com.ua/goods/images/original/10709095.jpg",
        "preview": "https://content2.rozetka.com.ua/goods/images/preview/10709095.jpg",
      },
    ],
    "loyalty": Object {
      "pl_bonus_charge_pcs": 0,
      "pl_use_instant_bonus": 0,
    },
    "merchant_id": 1,
    "mpath": ".4626923.4624997.4633001.4625018.4639872.",
    "premium_program": false,
    "price": Object {
      "current": 320,
      "old": 383,
      "pcs": "11.15",
    },
    "sell_status": "available",
    "seller_id": 5,
    "sla_id": 8124,
    "state": "new",
    "status": "active",
    "status_inherited": "active",
    "tag": null,
    "title": "Упаковка минеральной негазированной воды Evian Sport 0.75 л х 6 бутылок (3068320014067_3068320105314)",
  },
  Object {
    "brand": Object {
      "id": 221208,
      "logo": null,
      "name": "solan-de-cabras",
      "title": "Solan de Cabras",
    },
    "category": Object {
      "href": "https://rozetka.com.ua/voda/c4639872/",
      "id": 4639872,
      "root_id": 4624997,
      "title": "Вода",
      "use_group_links": false,
    },
    "comments": Object {
      "amount": 2,
      "mark": 5,
    },
    "docket": "",
    "group": Object {
      "href": null,
      "id": 0,
      "is_group_primary": 0,
    },
    "href": "https://rozetka.com.ua/solan_de_cabras_8411547001061/p43351280/",
    "id": 43351280,
    "images": Array [
      Object {
        "big_tile": "https://content.rozetka.com.ua/goods/images/big_tile/60170747.jpg",
        "original": "https://content.rozetka.com.ua/goods/images/original/60170747.jpg",
        "preview": "https://content.rozetka.com.ua/goods/images/preview/60170747.jpg",
      },
    ],
    "loyalty": Object {
      "pl_bonus_charge_pcs": 0,
      "pl_use_instant_bonus": 0,
    },
    "merchant_id": 1,
    "mpath": ".4626923.4624997.4633001.4625018.4639872.",
    "premium_program": false,
    "price": Object {
      "current": 775,
      "old": 1080,
      "pcs": "27",
    },
    "sell_status": "available",
    "seller_id": 5,
    "sla_id": 8124,
    "state": "new",
    "status": "active",
    "status_inherited": "active",
    "tag": null,
    "title": "Упаковка воды минеральной негазированной Solan de Cabras 0.5 л х 20 бутылок (8411547001061)",
  },
  Object {
    "brand": Object {
      "id": 128265,
      "logo": null,
      "name": "acqua-panna",
      "title": "Acqua Panna",
    },
    "category": Object {
      "href": "https://rozetka.com.ua/voda/c4639872/",
      "id": 4639872,
      "root_id": 4624997,
      "title": "Вода",
      "use_group_links": false,
    },
    "comments": Object {
      "amount": 0,
      "mark": 0,
    },
    "docket": "",
    "group": Object {
      "href": null,
      "id": 0,
      "is_group_primary": 0,
    },
    "href": "https://rozetka.com.ua/acqua_panna_8000815095255/p117891139/",
    "id": 117891139,
    "images": Array [
      Object {
        "big_tile": "https://content2.rozetka.com.ua/goods/images/big_tile/16904824.jpg",
        "original": "https://content2.rozetka.com.ua/goods/images/original/16904824.jpg",
        "preview": "https://content2.rozetka.com.ua/goods/images/preview/16904824.jpg",
      },
    ],
    "loyalty": Object {
      "pl_bonus_charge_pcs": 0,
      "pl_use_instant_bonus": 0,
    },
    "merchant_id": 1,
    "mpath": ".4626923.4624997.4633001.4625018.4639872.",
    "premium_program": false,
    "price": Object {
      "current": 785,
      "old": 1042,
      "pcs": "28.65",
    },
    "sell_status": "available",
    "seller_id": 5,
    "sla_id": 8124,
    "state": "new",
    "status": "active",
    "status_inherited": "active",
    "tag": null,
    "title": "Упаковка минеральной негазированной воды Acqua Panna 0.5 л х 24 бутылки (8000815095255)",
  },
  Object {
    "brand": Object {
      "id": 472501,
      "logo": null,
      "name": "zaros",
      "title": "ZARO'S",
    },
    "category": Object {
      "href": "https://rozetka.com.ua/voda/c4639872/",
      "id": 4639872,
      "root_id": 4624997,
      "title": "Вода",
      "use_group_links": false,
    },
    "comments": Object {
      "amount": 0,
      "mark": 0,
    },
    "docket": "",
    "group": Object {
      "href": null,
      "id": 0,
      "is_group_primary": 0,
    },
    "href": "https://rozetka.com.ua/zaros-5201101111366/p314069542/",
    "id": 314069542,
    "images": Array [
      Object {
        "big_tile": "https://content.rozetka.com.ua/goods/images/big_tile/207099718.jpg",
        "original": "https://content.rozetka.com.ua/goods/images/original/207099718.jpg",
        "preview": "https://content.rozetka.com.ua/goods/images/preview/207099718.jpg",
      },
      Object {
        "big_tile": "https://content.rozetka.com.ua/goods/images/big_tile/207099719.jpg",
        "original": "https://content.rozetka.com.ua/goods/images/original/207099719.jpg",
        "preview": "https://content.rozetka.com.ua/goods/images/preview/207099719.jpg",
      },
    ],
    "loyalty": Object {
      "pl_bonus_charge_pcs": 0,
      "pl_use_instant_bonus": 0,
    },
    "merchant_id": 1,
    "mpath": ".4626923.4624997.4633001.4625018.4639872.",
    "premium_program": false,
    "price": Object {
      "current": 265,
      "old": 320,
      "pcs": "9.23",
    },
    "sell_status": "available",
    "seller_id": 5,
    "sla_id": 8124,
    "state": "new",
    "status": "active",
    "status_inherited": "active",
    "tag": null,
    "title": "Упаковка воды ZARO'S натуральная минеральная 0.33 л х 24 шт (5201101111366)",
  },
]
`;

exports[`/products/related GET When asked for an non-existing product 
	 Then should return an Error object 1`] = `
[ZodError: [
  {
    "code": "custom",
    "message": "Bad response. The item you have requested is not available.",
    "path": []
  }
]]
`;
