// Jest Snapshot v1, https://goo.gl/fbAQLP

exports[`product details should match snapshot 1`] = `
Array [
  Object {
    "brand": "Evian",
    "brand_id": 18534,
    "category_id": 4639872,
    "comments_amount": 4,
    "comments_mark": 5,
    "config": Object {
      "bonus": true,
      "brand": false,
      "buy_button": true,
      "compare_button": true,
      "description": true,
      "gift": true,
      "image": true,
      "old_price": true,
      "pictograms": true,
      "price": true,
      "promo_price": true,
      "rating": true,
      "status": true,
      "tags": true,
      "title": true,
      "variables": true,
      "wishlist_button": true,
    },
    "discount": 19,
    "dispatch": 1,
    "docket": null,
    "gift": null,
    "group_id": 0,
    "group_name": null,
    "group_title": null,
    "groups": Array [],
    "href": "https://rozetka.com.ua/evian_3068320055022/p6802844/",
    "id": 6802844,
    "image_main": "https://content1.rozetka.com.ua/goods/images/big_tile/10709078.jpg",
    "images": Object {
      "all_images": Array [
        "https://content1.rozetka.com.ua/goods/images/original/10709078.jpg",
      ],
      "hover": "https://content1.rozetka.com.ua/goods/images/big_tile/10709078.jpg",
      "main": "https://content1.rozetka.com.ua/goods/images/big_tile/10709078.jpg",
      "preview": "https://content1.rozetka.com.ua/goods/images/preview/10709078.jpg",
    },
    "is_docket": false,
    "is_group_primary": 0,
    "is_need_street_id": false,
    "merchant_id": 1,
    "mpath": ".4626923.4624997.4633001.4625018.4639872.",
    "old_price": 241,
    "parent_category_id": 4626923,
    "pictograms": Array [
      Object {
        "announce": null,
        "description": null,
        "goods_id": 6802844,
        "has_description": 1,
        "icon_mobile": "",
        "id": 31024,
        "image_url": "https://content2.rozetka.com.ua/goods_tags/images/original/244870163.png",
        "is_auction": true,
        "order": 45,
        "title": "5% на бонусный счет",
        "url": null,
        "url_title": null,
        "view_position": 2,
        "view_type": "dominate_price_tag",
      },
    ],
    "pl_bonus_charge_pcs": 0,
    "pl_use_instant_bonus": 0,
    "premium": 0,
    "preorder": 0,
    "price": 195,
    "price_pcs": "7.12",
    "primary_good_title": null,
    "sell_status": "available",
    "seller_id": 5,
    "stars": "100%",
    "state": "new",
    "status": "active",
    "status_inherited": "active",
    "tag": null,
    "title": "Упаковка минеральной негазированной воды Evian 0.5 л х 6 бутылок (3068320055008_3068320055022)",
    "title_mode": null,
    "title_suffix": "",
    "use_group_links": null,
  },
]
`;
